Original split:
  - Allt tycks leda till honom. Även stackars Innocens.

New split:
  - Allt tycks leda till honom. Även stackars Innocens.
